
> website@0.1.0 build
> prisma generate && next build

node.exe : Loaded Prisma config from prisma.config.ts.
At line:1 char:1
+ & "C:\Program Files\nodejs/node.exe" "C:\Program Files\nodejs/node_mo ...
+ ~~~~~~~~~~~~~~~~~~~~~~~~~~~~~~~~~~~~~~~~~~~~~~~~~~~~~~~~~~~~~~~~~~~~~
    + CategoryInfo          : NotSpecified: (Loaded Prisma c...isma.config.ts. 
   :String) [], RemoteException
    + FullyQualifiedErrorId : NativeCommandError
 

Prisma schema loaded from prisma\schema.prisma.

Γ£ö Generated Prisma Client (v7.8.0) to .\src\generated\prisma in 685ms

Start by importing your Prisma Client (See: https://pris.ly/d/importing-client)


ΓÜá Warning: Next.js inferred your workspace root, but it may not be correct.
 We detected multiple lockfiles and selected the directory of 
C:\Users\dell\package-lock.json as the root directory.
 To silence this warning, set `turbopack.root` in your Next.js config, or 
consider removing one of the lockfiles if it's not needed.
   See https://nextjs.org/docs/app/api-reference/config/next-config-js/turbopac
k#root-directory for more information.
 Detected additional lockfiles: 
   * C:\Users\dell\Downloads\RadiaTech-IMS (3)\RadiaTech-IMS\package-lock.json

Γû▓ Next.js 16.2.4 (Turbopack)
- Environments: .env

  Creating an optimized production build ...
Γ£ô Compiled successfully in 24.8s
  Running TypeScript ...
Failed to type check.

./src/app/admin/page.tsx:223:25
Type error: Type '(value: number | string) => string' is not assignable to 
type 'Formatter<ValueType, NameType> & ((value: ValueType, name: NameType, 
item: TooltipPayloadEntry, index: number, payload: TooltipPayload) => 
ReactNode | [...])'.
  Type '(value: number | string) => string' is not assignable to type 
'Formatter<ValueType, NameType>'.
    Types of parameters 'value' and 'value' are incompatible.
      Type 'ValueType | undefined' is not assignable to type 'string | number'.
        Type 'undefined' is not assignable to type 'string | number'.

  [90m221 |[0m                       <[33mYAxis[0m tick={{ fontSize: 
[35m11[0m, fill: [32m"#64748b"[0m }} allowDecimals={[36mfals.[0m..
  [90m222 |[0m                       <[33mTooltip[0m
[31m[1m>[0m [90m223 |[0m                         formatter={(value: 
number | string) => [32m`Γé╣[0m${[33mNumber[0m(value).toLocale...
  [90m    |[0m                         [31m[1m^[0m
  [90m224 |[0m                         contentStyle={{ fontSize: 
[35m12[0m, borderRadius: [35m0[0m, border: [32m"1px solid...[0m
  [90m225 |[0m                       />
  [90m226 |[0m                       <[33mLine[0m 
[36mtype[0m=[32m"monotone"[0m dataKey=[32m"amount"[0m name=[32m"Tax 
Invoice Amount"[0m st...
Next.js build worker exited with code: 1 and signal: null
